Archive member included because of file (symbol)

c:/program files (x86)/atmel/atmel toolchain/avr32 gcc/native/3.4.1067/avr32-gnu-toolchain/bin/../lib/gcc/avr32/4.4.7/../../../../avr32/lib/ucr2\libc.a(lib_a-atoi.o)
                              src/main.o (atoi)
c:/program files (x86)/atmel/atmel toolchain/avr32 gcc/native/3.4.1067/avr32-gnu-toolchain/bin/../lib/gcc/avr32/4.4.7/../../../../avr32/lib/ucr2\libc.a(lib_a-malloc.o)
                              src/kernel/priority_queue.o (free)
c:/program files (x86)/atmel/atmel toolchain/avr32 gcc/native/3.4.1067/avr32-gnu-toolchain/bin/../lib/gcc/avr32/4.4.7/../../../../avr32/lib/ucr2\libc.a(lib_a-mallocr.o)
                              c:/program files (x86)/atmel/atmel toolchain/avr32 gcc/native/3.4.1067/avr32-gnu-toolchain/bin/../lib/gcc/avr32/4.4.7/../../../../avr32/lib/ucr2\libc.a(lib_a-malloc.o) (_malloc_r)
c:/program files (x86)/atmel/atmel toolchain/avr32 gcc/native/3.4.1067/avr32-gnu-toolchain/bin/../lib/gcc/avr32/4.4.7/../../../../avr32/lib/ucr2\libc.a(lib_a-mlock.o)
                              c:/program files (x86)/atmel/atmel toolchain/avr32 gcc/native/3.4.1067/avr32-gnu-toolchain/bin/../lib/gcc/avr32/4.4.7/../../../../avr32/lib/ucr2\libc.a(lib_a-mallocr.o) (__malloc_lock)
c:/program files (x86)/atmel/atmel toolchain/avr32 gcc/native/3.4.1067/avr32-gnu-toolchain/bin/../lib/gcc/avr32/4.4.7/../../../../avr32/lib/ucr2\libc.a(lib_a-sbrkr.o)
                              c:/program files (x86)/atmel/atmel toolchain/avr32 gcc/native/3.4.1067/avr32-gnu-toolchain/bin/../lib/gcc/avr32/4.4.7/../../../../avr32/lib/ucr2\libc.a(lib_a-mallocr.o) (_sbrk_r)
c:/program files (x86)/atmel/atmel toolchain/avr32 gcc/native/3.4.1067/avr32-gnu-toolchain/bin/../lib/gcc/avr32/4.4.7/../../../../avr32/lib/ucr2\libc.a(lib_a-strtol.o)
                              c:/program files (x86)/atmel/atmel toolchain/avr32 gcc/native/3.4.1067/avr32-gnu-toolchain/bin/../lib/gcc/avr32/4.4.7/../../../../avr32/lib/ucr2\libc.a(lib_a-atoi.o) (_strtol_r)
c:/program files (x86)/atmel/atmel toolchain/avr32 gcc/native/3.4.1067/avr32-gnu-toolchain/bin/../lib/gcc/avr32/4.4.7/../../../../avr32/lib/ucr2\libc.a(lib_a-syscalls.o)
                              c:/program files (x86)/atmel/atmel toolchain/avr32 gcc/native/3.4.1067/avr32-gnu-toolchain/bin/../lib/gcc/avr32/4.4.7/../../../../avr32/lib/ucr2\libc.a(lib_a-sbrkr.o) (_sbrk)
c:/program files (x86)/atmel/atmel toolchain/avr32 gcc/native/3.4.1067/avr32-gnu-toolchain/bin/../lib/gcc/avr32/4.4.7/../../../../avr32/lib/ucr2\libc.a(lib_a-ctype_.o)
                              c:/program files (x86)/atmel/atmel toolchain/avr32 gcc/native/3.4.1067/avr32-gnu-toolchain/bin/../lib/gcc/avr32/4.4.7/../../../../avr32/lib/ucr2\libc.a(lib_a-strtol.o) (__ctype_ptr)
c:/program files (x86)/atmel/atmel toolchain/avr32 gcc/native/3.4.1067/avr32-gnu-toolchain/bin/../lib/gcc/avr32/4.4.7/../../../../avr32/lib/ucr2\libc.a(lib_a-errno.o)
                              c:/program files (x86)/atmel/atmel toolchain/avr32 gcc/native/3.4.1067/avr32-gnu-toolchain/bin/../lib/gcc/avr32/4.4.7/../../../../avr32/lib/ucr2\libc.a(lib_a-syscalls.o) (__errno)
c:/program files (x86)/atmel/atmel toolchain/avr32 gcc/native/3.4.1067/avr32-gnu-toolchain/bin/../lib/gcc/avr32/4.4.7/../../../../avr32/lib/ucr2\libc.a(lib_a-freer.o)
                              c:/program files (x86)/atmel/atmel toolchain/avr32 gcc/native/3.4.1067/avr32-gnu-toolchain/bin/../lib/gcc/avr32/4.4.7/../../../../avr32/lib/ucr2\libc.a(lib_a-malloc.o) (_free_r)
c:/program files (x86)/atmel/atmel toolchain/avr32 gcc/native/3.4.1067/avr32-gnu-toolchain/bin/../lib/gcc/avr32/4.4.7/../../../../avr32/lib/ucr2\libc.a(lib_a-impure.o)
                              c:/program files (x86)/atmel/atmel toolchain/avr32 gcc/native/3.4.1067/avr32-gnu-toolchain/bin/../lib/gcc/avr32/4.4.7/../../../../avr32/lib/ucr2\libc.a(lib_a-malloc.o) (_impure_ptr)
c:/program files (x86)/atmel/atmel toolchain/avr32 gcc/native/3.4.1067/avr32-gnu-toolchain/bin/../lib/gcc/avr32/4.4.7/../../../../avr32/lib/ucr2\libc.a(lib_a-reent.o)
                              c:/program files (x86)/atmel/atmel toolchain/avr32 gcc/native/3.4.1067/avr32-gnu-toolchain/bin/../lib/gcc/avr32/4.4.7/../../../../avr32/lib/ucr2\libc.a(lib_a-sbrkr.o) (errno)
c:/program files (x86)/atmel/atmel toolchain/avr32 gcc/native/3.4.1067/avr32-gnu-toolchain/bin/../lib/gcc/avr32/4.4.7/../../../../avr32/lib/ucr2\libc.a(lib_a-findfp.o)
                              c:/program files (x86)/atmel/atmel toolchain/avr32 gcc/native/3.4.1067/avr32-gnu-toolchain/bin/../lib/gcc/avr32/4.4.7/../../../../avr32/lib/ucr2\libc.a(lib_a-impure.o) (__sf_fake_stdin)
c:/program files (x86)/atmel/atmel toolchain/avr32 gcc/native/3.4.1067/avr32-gnu-toolchain/bin/../lib/gcc/avr32/4.4.7/../../../../avr32/lib/ucr2\libc.a(lib_a-fwalk.o)
[...]
Memory Configuration

Name             Origin             Length             Attributes
FLASH            0x80000000         0x00080000         axrl !w
INTRAM           0x00000004         0x0000fffc         axw !rl
USERPAGE         0x80800000         0x00000200
*default*        0x00000000         0xffffffff

Linker script and memory map

                0x00001000                _stack_size = 0x1000
LOAD src/include/util/helper_functions.o
LOAD src/kernel/rosa_queue_manager.o
LOAD src/kernel/rosa_scheduler_manager.o
LOAD src/kernel/rosa_task_manager.o
LOAD src/tests/kernel/struct/priority_queue_test.o
LOAD src/kernel/priority_queue.o
LOAD src/main.o
LOAD src/kernel/rosa_int.o
LOAD src/kernel/rosa_int_asm.o
LOAD src/kernel/rosa_ker.o
LOAD src/kernel/rosa_ker_asm.o
LOAD src/kernel/rosa_scheduler.o
LOAD src/kernel/rosa_tim.o
START GROUP
END GROUP
LOAD ../src/drivers/button.o
LOAD ../src/drivers/delay.o
LOAD ../src/drivers/gpio.o
LOAD ../src/drivers/led.o
LOAD ../src/drivers/pot.o
LOAD ../src/drivers/usart.o
LOAD ../src/kernel/rosa_tim_asm.o
LOAD ../src/cpu/startup/crt0.o
LOAD c:/program files (x86)/atmel/atmel toolchain/avr32 gcc/native/3.4.1067/avr32-gnu-toolchain/bin/../lib/gcc/avr32/4.4.7/ucr2\libgcc.a
LOAD c:/program files (x86)/atmel/atmel toolchain/avr32 gcc/native/3.4.1067/avr32-gnu-toolchain/bin/../lib/gcc/avr32/4.4.7/../../../../avr32/lib/ucr2\libc.a
LOAD c:/program files (x86)/atmel/atmel toolchain/avr32 gcc/native/3.4.1067/avr32-gnu-toolchain/bin/../lib/gcc/avr32/4.4.7/ucr2\libgcc.a
                0xffffffff                __max_heap_size__ = 0xffffffff
                [0xffffffff]                __heap_size__ = DEFINED (__heap_size__)?__heap_size__:__max_heap_size__
                [0x00001000]                __stack_size__ = DEFINED (__stack_size__)?__stack_size__:0x1000
                [0x00001000]                __appstack_size__ = DEFINED (__appstack_size__)?__appstack_size__:0x1000
                0x80000000                PROVIDE (__executable_start, 0x80000000)
                0x80000000                . = 0x80000000

.interp
 *(.interp)

.reset          0x80000000        0x8
 *(.reset)
 .reset         0x80000000        0x8 ../src/cpu/startup/crt0.o
                0x80000000                _start

.hash
 *(.hash)

.dynsym
 *(.dynsym)

.dynstr
 *(.dynstr)

.gnu.version
 *(.gnu.version)

.gnu.version_d
 *(.gnu.version_d)

.gnu.version_r
 *(.gnu.version_r)

.rel.init
 *(.rel.init)

.rela.init
 *(.rela.init)

.rel.text
 *(.rel.text .rel.text.* .rel.gnu.linkonce.t.*)

.rela.text
 *(.rela.text .rela.text.* .rela.gnu.linkonce.t.*)

.rel.fini
 *(.rel.fini)

.rela.fini
 *(.rela.fini)

.rel.rodata
 *(.rel.rodata .rel.rodata.* .rel.gnu.linkonce.r.*)

.rela.rodata
 *(.rela.rodata .rela.rodata.* .rela.gnu.linkonce.r.*)

.rel.data.rel.ro
 *(.rel.data.rel.ro*)

.rela.data.rel.ro
 *(.rel.data.rel.ro*)

.rel.data
 *(.rel.data .rel.data.* .rel.gnu.linkonce.d.*)

.rela.data
 *(.rela.data .rela.data.* .rela.gnu.linkonce.d.*)

.rel.tdata
 *(.rel.tdata .rel.tdata.* .rel.gnu.linkonce.td.*)

.rela.tdata
 *(.rela.tdata .rela.tdata.* .rela.gnu.linkonce.td.*)

.rel.tbss
 *(.rel.tbss .rel.tbss.* .rel.gnu.linkonce.tb.*)

.rela.tbss
 *(.rela.tbss .rela.tbss.* .rela.gnu.linkonce.tb.*)

.rel.ctors
 *(.rel.ctors)

.rela.ctors
 *(.rela.ctors)

.rel.dtors
 *(.rel.dtors)

.rela.dtors
 *(.rela.dtors)

.rel.got
 *(.rel.got)

.rela.got       0x80000008        0x0
 *(.rela.got)
 .rela.got      0x80000008        0x0 src/main.o

.rel.bss
 *(.rel.bss .rel.bss.* .rel.gnu.linkonce.b.*)

.rela.bss
 *(.rela.bss .rela.bss.* .rela.gnu.linkonce.b.*)

.rel.plt
 *(.rel.plt)

.rela.plt
 *(.rela.plt)

.init
 *(.init)

.plt
 *(.plt)

.text           0x80000008      0xe34
 *(.text .stub .text.* .gnu.linkonce.t.*)
 .text.num2str  0x80000008       0xd4 src/include/util/helper_functions.o
                0x80000008                num2str
 .text          0x800000dc       0x40 src/main.o
 .text.set_wdt  0x8000011c       0x3a src/main.o
                0x8000011c                set_wdt
 .text.disable_wdt
                0x80000156       0x26 src/main.o
                0x80000156                disable_wdt
 .text.test10   0x8000017c       0x60 src/main.o
                0x8000017c                test10
 .text.test2    0x800001dc       0x34 src/main.o
                0x800001dc                test2
 .text.test3    0x80000210       0x60 src/main.o
                0x80000210                test3
 .text.main     0x80000270       0xe4 src/main.o
                0x80000270                main
 .text.ROSA_yieldFromISR
                0x80000354       0x24 src/kernel/rosa_int.o
                0x80000354                ROSA_yieldFromISR
 .text          0x80000378        0xc src/kernel/rosa_ker.o
 .text.ROSA_init
                0x80000384       0x64 src/kernel/rosa_ker.o
                0x80000384                ROSA_init
 .text.scheduler
                0x800003e8       0x18 src/kernel/rosa_scheduler.o
                0x800003e8                scheduler
 .text          0x80000400       0x10 src/kernel/rosa_tim.o
 .text.timerISR
                0x80000410       0x34 src/kernel/rosa_tim.o
                0x80000410                timerISR
 .text.timerPeriodSet
                0x80000444       0xa8 src/kernel/rosa_tim.o
                0x80000444                timerPeriodSet
 .text.buttonInit
                0x800004ec       0x28 ../src/drivers/button.o
                0x800004ec                buttonInit
 .text.joystickInit
                0x80000514       0x38 ../src/drivers/button.o
                0x80000514                joystickInit
 .text.gpioInit
                0x8000054c       0xa8 ../src/drivers/gpio.o
                0x8000054c                gpioInit
 .text.gpioClear
                0x800005f4       0x50 ../src/drivers/gpio.o
                0x800005f4                gpioClear
 .text.gpioSet  0x80000644       0x50 ../src/drivers/gpio.o
                0x80000644                gpioSet
 .text.ledInit  0x80000694       0x8c ../src/drivers/led.o
                0x80000694                ledInit
 .text.ledOff   0x80000720       0x20 ../src/drivers/led.o
                0x80000720                ledOff
 .text          0x80000740       0x48 ../src/drivers/pot.o
                0x80000740                potInit
                0x8000076e                potGetValue
 .text.usartReset
                0x80000788       0x70 ../src/drivers/usart.o
                0x80000788                usartReset
 .text.usartSetBaudrate
                0x800007f8       0xfc ../src/drivers/usart.o
                0x800007f8                usartSetBaudrate
 .text.usartInit
                0x800008f4      0x124 ../src/drivers/usart.o
                0x800008f4                usartInit
 .text.usartWriteChar
                0x80000a18       0x56 ../src/drivers/usart.o
                0x80000a18                usartWriteChar
 *fill*         0x80000a6e        0x2 d703d703
 .text.usartWriteLine
                0x80000a70       0x54 ../src/drivers/usart.o
                0x80000a70                usartWriteLine
 .text.usartGetChar
                0x80000ac4       0x3e ../src/drivers/usart.o
                0x80000ac4                usartGetChar
 *fill*         0x80000b02        0x2 d703d703
 .text.usartGetLine
                0x80000b04       0x9c ../src/drivers/usart.o
                0x80000b04                usartGetLine
 .text          0x80000ba0       0xb8 ../src/kernel/rosa_tim_asm.o
                0x80000ba0                timerInit
                0x80000bce                timerStart
                0x80000bce                timerReset
                0x80000bec                timerStop
                0x80000bfe                timerRCSet
                0x80000c14                timerPrescaleSet
                0x80000c34                timerClearInterrupt
 .text._stext   0x80000c58       0x80 ../src/cpu/startup/crt0.o
                0x80000c58                _stext
 .text.atoi     0x80000cd8       0x10 c:/program files (x86)/atmel/atmel toolchain/avr32 gcc/native/3.4.1067/avr32-gnu-toolchain/bin/../lib/gcc/avr32/4.4.7/../../../../avr32/lib/ucr2\libc.a(lib_a-atoi.o)
                0x80000cd8                atoi
 .text._strtol_r
                0x80000ce8      0x138 c:/program files (x86)/atmel/atmel toolchain/avr32 gcc/native/3.4.1067/avr32-gnu-toolchain/bin/../lib/gcc/avr32/4.4.7/../../../../avr32/lib/ucr2\libc.a(lib_a-strtol.o)
                0x80000ce8                _strtol_r
 .text.strtol   0x80000e20       0x1c c:/program files (x86)/atmel/atmel toolchain/avr32 gcc/native/3.4.1067/avr32-gnu-toolchain/bin/../lib/gcc/avr32/4.4.7/../../../../avr32/lib/ucr2\libc.a(lib_a-strtol.o)
                0x80000e20                strtol
 *(.text.*personality*)
 *(.gnu.warning)

.exception      0x80001000      0x400
 .exception     0x80001000      0x400 src/kernel/rosa_int_asm.o
                0x80001000                _evba
                0x80001148                interruptInit
                0x80001166                interruptDisable
                0x8000116a                interruptEnable
                0x8000116e                isInterruptEnabled
                0x8000117e                contextSaveFromISR
                0x800011b8                contextRestoreFromISR

.fini
 *(.fini)
                0x80001400                PROVIDE (__etext, .)
                0x80001400                PROVIDE (_etext, .)
                0x80001400                PROVIDE (etext, .)

.rodata         0x80001400      0x188
 *(.rodata .rodata.* .gnu.linkonce.r.*)
 .rodata.C.0.9379
                0x80001400       0x20 ../src/drivers/led.o
 .rodata._ctype_
                0x80001420      0x104 c:/program files (x86)/atmel/atmel toolchain/avr32 gcc/native/3.4.1067/avr32-gnu-toolchain/bin/../lib/gcc/avr32/4.4.7/../../../../avr32/lib/ucr2\libc.a(lib_a-ctype_.o)
                0x80001420                _ctype_
 .rodata.str1.4
                0x80001524        0x4 c:/program files (x86)/atmel/atmel toolchain/avr32 gcc/native/3.4.1067/avr32-gnu-toolchain/bin/../lib/gcc/avr32/4.4.7/../../../../avr32/lib/ucr2\libc.a(lib_a-impure.o)
 .rodata.__sf_fake_stdin
                0x80001528       0x20 c:/program files (x86)/atmel/atmel toolchain/avr32 gcc/native/3.4.1067/avr32-gnu-toolchain/bin/../lib/gcc/avr32/4.4.7/../../../../avr32/lib/ucr2\libc.a(lib_a-findfp.o)
                0x80001528                __sf_fake_stdin
 .rodata.__sf_fake_stdout
                0x80001548       0x20 c:/program files (x86)/atmel/atmel toolchain/avr32 gcc/native/3.4.1067/avr32-gnu-toolchain/bin/../lib/gcc/avr32/4.4.7/../../../../avr32/lib/ucr2\libc.a(lib_a-findfp.o)
                0x80001548                __sf_fake_stdout
 .rodata.__sf_fake_stderr
                0x80001568       0x20 c:/program files (x86)/atmel/atmel toolchain/avr32 gcc/native/3.4.1067/avr32-gnu-toolchain/bin/../lib/gcc/avr32/4.4.7/../../../../avr32/lib/ucr2\libc.a(lib_a-findfp.o)
                0x80001568                __sf_fake_stderr

.rodata1
 *(.rodata1)

.eh_frame_hdr
 *(.eh_frame_hdr)

.eh_frame
 *(.eh_frame)

.gcc_except_table
 *(.gcc_except_table)
 *(.gcc_except_table.*)

.lalign         0x80001588        0x0
                0x80001588                . = ALIGN (0x8)
                0x80001588                PROVIDE (_data_lma, .)
                0x00000004                . = ORIGIN (INTRAM)

.dalign         0x00000004        0x4
                0x00000008                . = ALIGN (0x8)
 *fill*         0x00000004        0x4 
                0x00000008                PROVIDE (_data, .)

.eh_frame
 *(.eh_frame)

.gcc_except_table
 *(.gcc_except_table)
 *(.gcc_except_table.*)

.tdata
 *(.tdata .tdata.* .gnu.linkonce.td.*)

.tbss
 *(.tbss .tbss.* .gnu.linkonce.tb.*)
 *(.tcommon)
                0x00000008                PROVIDE (__preinit_array_start, ALIGN (0x4))

.preinit_array
 *(.preinit_array)
                0x00000008                PROVIDE (__preinit_array_end, .)
                0x00000008                PROVIDE (__init_array_start, .)

.init_array
 *(.init_array)
                0x00000008                PROVIDE (__init_array_end, .)
                0x00000008                PROVIDE (__fini_array_start, .)

.fini_array
 *(.fini_array)
                0x00000008                PROVIDE (__fini_array_end, .)

.ctors
 *crtbegin*.o(.ctors)
 *(EXCLUDE_FILE(*crtend*.o) .ctors)
 *(SORT(.ctors.*))
 *(.ctors)

.dtors
 *crtbegin*.o(.dtors)
 *(EXCLUDE_FILE(*crtend*.o) .dtors)
 *(SORT(.dtors.*))
 *(.dtors)

.jcr
 *(.jcr)

.data.rel.ro
 *(.data.rel.ro.local)
 *(.data.rel.ro*)

.dynamic
 *(.dynamic)

.got
 *(.got.plt)
 *(.got)

.ramtext
 *(.ramtext .ramtext.*)

.ddalign        0x00000008        0x0 load address 0x80001588
                0x00000008                . = ALIGN (0x8)

.data           0x00000008      0x10c load address 0x80001588
 *(.data .data.* .gnu.linkonce.d.*)
 .data          0x00000008        0xc src/main.o
                0x00000008                tests
 .data          0x00000014        0x8 ../src/kernel/rosa_tim_asm.o
                0x00000014                timerRC
                0x00000018                timerPrescale
 .data.__ctype_ptr
                0x0000001c        0x4 c:/program files (x86)/atmel/atmel toolchain/avr32 gcc/native/3.4.1067/avr32-gnu-toolchain/bin/../lib/gcc/avr32/4.4.7/../../../../avr32/lib/ucr2\libc.a(lib_a-ctype_.o)
                0x0000001c                __ctype_ptr
 .data.impure_data
                0x00000020       0xf0 c:/program files (x86)/atmel/atmel toolchain/avr32 gcc/native/3.4.1067/avr32-gnu-toolchain/bin/../lib/gcc/avr32/4.4.7/../../../../avr32/lib/ucr2\libc.a(lib_a-impure.o)
 .data._impure_ptr
                0x00000110        0x4 c:/program files (x86)/atmel/atmel toolchain/avr32 gcc/native/3.4.1067/avr32-gnu-toolchain/bin/../lib/gcc/avr32/4.4.7/../../../../avr32/lib/ucr2\libc.a(lib_a-impure.o)
                0x00000110                _impure_ptr
 *(.gnu.linkonce.d.*personality*)

.data1
 *(.data1)

.balign         0x00000114        0x4 load address 0x80001694
                0x00000118                . = ALIGN (0x8)
 *fill*         0x00000114        0x4 
                0x00000118                PROVIDE (_edata, .)
                0x00000118                PROVIDE (edata, .)
                0x00000118                __bss_start = .

.bss            0x00000118       0x10
 *(.dynbss)
 *(.bss .bss.* .gnu.linkonce.b.*)
 *(COMMON)
 COMMON         0x00000118        0x4 src/main.o
                0x00000118                global_i
 COMMON         0x0000011c        0x8 src/kernel/rosa_ker.o
                0x0000011c                TCBLIST
                0x00000120                EXECTASK
                0x00000128                . = ALIGN (0x8)
 *fill*         0x00000124        0x4 
                0x00000128                . = ALIGN (0x8)
                0x00000128                _end = .
                0x00000128                PROVIDE (end, .)
                0x00000128                __heap_start__ = ALIGN (0x8)

.heap           0x00000128     0xded8
 *(.heap)
                0x0000ded8                . = (__heap_size__ == __max_heap_size__)?((((ORIGIN (INTRAM) + 0xfffc) - __stack_size__) - __appstack_size__) - ABSOLUTE (.)):__heap_size__
 *fill*         0x00000128     0xded8 
                0x0000e000                __heap_end__ = .

.stab
 *(.stab)

.stabstr
 *(.stabstr)

.stab.excl
 *(.stab.excl)

.stab.exclstr
 *(.stab.exclstr)

.stab.index
 *(.stab.index)

.stab.indexstr
 *(.stab.indexstr)

.comment        0x00000000       0xa0
 *(.comment)
 .comment       0x00000000       0x30 src/include/util/helper_functions.o
                                 0x31 (size before relaxing)
 .comment       0x00000000       0x31 src/main.o
 .comment       0x00000000       0x31 src/kernel/rosa_int.o
 .comment       0x00000000       0x31 src/kernel/rosa_ker.o
 .comment       0x00000000       0x31 src/kernel/rosa_scheduler.o
 .comment       0x00000000       0x31 src/kernel/rosa_tim.o
 .comment       0x00000030       0x1c ../src/drivers/button.o
 .comment       0x0000004c       0x1c ../src/drivers/gpio.o
 .comment       0x00000068       0x1c ../src/drivers/led.o
 .comment       0x00000084       0x1c ../src/drivers/usart.o
 .comment       0x00000000       0x31 c:/program files (x86)/atmel/atmel toolchain/avr32 gcc/native/3.4.1067/avr32-gnu-toolchain/bin/../lib/gcc/avr32/4.4.7/../../../../avr32/lib/ucr2\libc.a(lib_a-atoi.o)
 .comment       0x00000000       0x31 c:/program files (x86)/atmel/atmel toolchain/avr32 gcc/native/3.4.1067/avr32-gnu-toolchain/bin/../lib/gcc/avr32/4.4.7/../../../../avr32/lib/ucr2\libc.a(lib_a-strtol.o)
 .comment       0x00000000       0x31 c:/program files (x86)/atmel/atmel toolchain/avr32 gcc/native/3.4.1067/avr32-gnu-toolchain/bin/../lib/gcc/avr32/4.4.7/../../../../avr32/lib/ucr2\libc.a(lib_a-ctype_.o)
 .comment       0x00000000       0x31 c:/program files (x86)/atmel/atmel toolchain/avr32 gcc/native/3.4.1067/avr32-gnu-toolchain/bin/../lib/gcc/avr32/4.4.7/../../../../avr32/lib/ucr2\libc.a(lib_a-impure.o)
 .comment       0x00000000       0x31 c:/program files (x86)/atmel/atmel toolchain/avr32 gcc/native/3.4.1067/avr32-gnu-toolchain/bin/../lib/gcc/avr32/4.4.7/../../../../avr32/lib/ucr2\libc.a(lib_a-findfp.o)

.debug
 *(.debug)

.line
 *(.line)

.debug_srcinfo
 *(.debug_srcinfo)

.debug_sfnames
 *(.debug_sfnames)

.debug_aranges  0x00000000      0x330
 *(.debug_aranges)
 .debug_aranges
                0x00000000       0x28 src/include/util/helper_functions.o
 .debug_aranges
                0x00000028       0x50 src/main.o
 .debug_aranges
                0x00000078       0x20 src/kernel/rosa_int.o
 .debug_aranges
                0x00000098       0x20 src/kernel/rosa_int_asm.o
 .debug_aranges
                0x000000b8       0x30 src/kernel/rosa_ker.o
 .debug_aranges
                0x000000e8       0x20 src/kernel/rosa_scheduler.o
 .debug_aranges
                0x00000108       0x28 src/kernel/rosa_tim.o
 .debug_aranges
                0x00000130       0x58 ../src/drivers/button.o
 .debug_aranges
                0x00000188       0x40 ../src/drivers/gpio.o
 .debug_aranges
                0x000001c8       0x38 ../src/drivers/led.o
 .debug_aranges
                0x00000200       0x60 ../src/drivers/usart.o
 .debug_aranges
                0x00000260       0x28 c:/program files (x86)/atmel/atmel toolchain/avr32 gcc/native/3.4.1067/avr32-gnu-toolchain/bin/../lib/gcc/avr32/4.4.7/../../../../avr32/lib/ucr2\libc.a(lib_a-atoi.o)
 .debug_aranges
                0x00000288       0x28 c:/program files (x86)/atmel/atmel toolchain/avr32 gcc/native/3.4.1067/avr32-gnu-toolchain/bin/../lib/gcc/avr32/4.4.7/../../../../avr32/lib/ucr2\libc.a(lib_a-strtol.o)
 .debug_aranges
                0x000002b0       0x80 c:/program files (x86)/atmel/atmel toolchain/avr32 gcc/native/3.4.1067/avr32-gnu-toolchain/bin/../lib/gcc/avr32/4.4.7/../../../../avr32/lib/ucr2\libc.a(lib_a-findfp.o)

.debug_pubnames
                0x00000000      0x53c
 *(.debug_pubnames)
 .debug_pubnames
                0x00000000       0x2c src/include/util/helper_functions.o
 .debug_pubnames
                0x0000002c       0x7d src/main.o
 .debug_pubnames
                0x000000a9       0x28 src/kernel/rosa_int.o
 .debug_pubnames
                0x000000d1       0x60 src/kernel/rosa_ker.o
 .debug_pubnames
                0x00000131       0x20 src/kernel/rosa_scheduler.o
 .debug_pubnames
                0x00000151       0x32 src/kernel/rosa_tim.o
 .debug_pubnames
                0x00000183       0xa0 ../src/drivers/button.o
 .debug_pubnames
                0x00000223       0x54 ../src/drivers/gpio.o
 .debug_pubnames
                0x00000277       0x41 ../src/drivers/led.o
 .debug_pubnames
                0x000002b8       0xb2 ../src/drivers/usart.o
 .debug_pubnames
                0x0000036a       0x27 c:/program files (x86)/atmel/atmel toolchain/avr32 gcc/native/3.4.1067/avr32-gnu-toolchain/bin/../lib/gcc/avr32/4.4.7/../../../../avr32/lib/ucr2\libc.a(lib_a-atoi.o)
 .debug_pubnames
                0x00000391       0x2b c:/program files (x86)/atmel/atmel toolchain/avr32 gcc/native/3.4.1067/avr32-gnu-toolchain/bin/../lib/gcc/avr32/4.4.7/../../../../avr32/lib/ucr2\libc.a(lib_a-strtol.o)
 .debug_pubnames
                0x000003bc       0x2e c:/program files (x86)/atmel/atmel toolchain/avr32 gcc/native/3.4.1067/avr32-gnu-toolchain/bin/../lib/gcc/avr32/4.4.7/../../../../avr32/lib/ucr2\libc.a(lib_a-ctype_.o)
 .debug_pubnames
                0x000003ea       0x39 c:/program files (x86)/atmel/atmel toolchain/avr32 gcc/native/3.4.1067/avr32-gnu-toolchain/bin/../lib/gcc/avr32/4.4.7/../../../../avr32/lib/ucr2\libc.a(lib_a-impure.o)
 .debug_pubnames
                0x00000423      0x119 c:/program files (x86)/atmel/atmel toolchain/avr32 gcc/native/3.4.1067/avr32-gnu-toolchain/bin/../lib/gcc/avr32/4.4.7/../../../../avr32/lib/ucr2\libc.a(lib_a-findfp.o)

.debug_info     0x00000000     0x7e7f
 *(.debug_info .gnu.linkonce.wi.*)
 .debug_info    0x00000000       0xdd src/include/util/helper_functions.o
 .debug_info    0x000000dd     0x13af src/main.o
 .debug_info    0x0000148c       0x62 src/kernel/rosa_int.o
 .debug_info    0x000014ee       0x9a src/kernel/rosa_int_asm.o
 .debug_info    0x00001588     0x144e src/kernel/rosa_ker.o
 .debug_info    0x000029d6      0x15a src/kernel/rosa_scheduler.o
 .debug_info    0x00002b30      0xa4f src/kernel/rosa_tim.o
 .debug_info    0x0000357f      0x114 ../src/drivers/button.o
 .debug_info    0x00003693      0x531 ../src/drivers/gpio.o
 .debug_info    0x00003bc4       0xfb ../src/drivers/led.o
 .debug_info    0x00003cbf     0x194a ../src/drivers/usart.o
 .debug_info    0x00005609      0x8dc c:/program files (x86)/atmel/atmel toolchain/avr32 gcc/native/3.4.1067/avr32-gnu-toolchain/bin/../lib/gcc/avr32/4.4.7/../../../../avr32/lib/ucr2\libc.a(lib_a-atoi.o)
 .debug_info    0x00005ee5      0x99f c:/program files (x86)/atmel/atmel toolchain/avr32 gcc/native/3.4.1067/avr32-gnu-toolchain/bin/../lib/gcc/avr32/4.4.7/../../../../avr32/lib/ucr2\libc.a(lib_a-strtol.o)
 .debug_info    0x00006884       0x71 c:/program files (x86)/atmel/atmel toolchain/avr32 gcc/native/3.4.1067/avr32-gnu-toolchain/bin/../lib/gcc/avr32/4.4.7/../../../../avr32/lib/ucr2\libc.a(lib_a-ctype_.o)
 .debug_info    0x000068f5      0x960 c:/program files (x86)/atmel/atmel toolchain/avr32 gcc/native/3.4.1067/avr32-gnu-toolchain/bin/../lib/gcc/avr32/4.4.7/../../../../avr32/lib/ucr2\libc.a(lib_a-impure.o)
 .debug_info    0x00007255      0xc2a c:/program files (x86)/atmel/atmel toolchain/avr32 gcc/native/3.4.1067/avr32-gnu-toolchain/bin/../lib/gcc/avr32/4.4.7/../../../../avr32/lib/ucr2\libc.a(lib_a-findfp.o)

.debug_abbrev   0x00000000     0x1239
 *(.debug_abbrev)
 .debug_abbrev  0x00000000       0x91 src/include/util/helper_functions.o
 .debug_abbrev  0x00000091      0x1b3 src/main.o
 .debug_abbrev  0x00000244       0x4c src/kernel/rosa_int.o
 .debug_abbrev  0x00000290       0x14 src/kernel/rosa_int_asm.o
 .debug_abbrev  0x000002a4      0x1b9 src/kernel/rosa_ker.o
 .debug_abbrev  0x0000045d       0xb9 src/kernel/rosa_scheduler.o
 .debug_abbrev  0x00000516      0x174 src/kernel/rosa_tim.o
 .debug_abbrev  0x0000068a       0x89 ../src/drivers/button.o
 .debug_abbrev  0x00000713      0x111 ../src/drivers/gpio.o
 .debug_abbrev  0x00000824       0xa0 ../src/drivers/led.o
 .debug_abbrev  0x000008c4      0x20c ../src/drivers/usart.o
 .debug_abbrev  0x00000ad0      0x167 c:/program files (x86)/atmel/atmel toolchain/avr32 gcc/native/3.4.1067/avr32-gnu-toolchain/bin/../lib/gcc/avr32/4.4.7/../../../../avr32/lib/ucr2\libc.a(lib_a-atoi.o)
 .debug_abbrev  0x00000c37      0x1bd c:/program files (x86)/atmel/atmel toolchain/avr32 gcc/native/3.4.1067/avr32-gnu-toolchain/bin/../lib/gcc/avr32/4.4.7/../../../../avr32/lib/ucr2\libc.a(lib_a-strtol.o)
 .debug_abbrev  0x00000df4       0x59 c:/program files (x86)/atmel/atmel toolchain/avr32 gcc/native/3.4.1067/avr32-gnu-toolchain/bin/../lib/gcc/avr32/4.4.7/../../../../avr32/lib/ucr2\libc.a(lib_a-ctype_.o)
 .debug_abbrev  0x00000e4d      0x160 c:/program files (x86)/atmel/atmel toolchain/avr32 gcc/native/3.4.1067/avr32-gnu-toolchain/bin/../lib/gcc/avr32/4.4.7/../../../../avr32/lib/ucr2\libc.a(lib_a-impure.o)
 .debug_abbrev  0x00000fad      0x28c c:/program files (x86)/atmel/atmel toolchain/avr32 gcc/native/3.4.1067/avr32-gnu-toolchain/bin/../lib/gcc/avr32/4.4.7/../../../../avr32/lib/ucr2\libc.a(lib_a-findfp.o)

.debug_line     0x00000000     0x22e5
 *(.debug_line)
 .debug_line    0x00000000       0x95 src/include/util/helper_functions.o
 .debug_line    0x00000095      0x3b7 src/main.o
 .debug_line    0x0000044c      0x2e3 src/kernel/rosa_int.o
 .debug_line    0x0000072f       0xc9 src/kernel/rosa_int_asm.o
 .debug_line    0x000007f8      0x36a src/kernel/rosa_ker.o
 .debug_line    0x00000b62      0x2d9 src/kernel/rosa_scheduler.o
 .debug_line    0x00000e3b      0x2e8 src/kernel/rosa_tim.o
 .debug_line    0x00001123       0xc9 ../src/drivers/button.o
 .debug_line    0x000011ec       0xee ../src/drivers/gpio.o
 .debug_line    0x000012da       0x84 ../src/drivers/led.o
 .debug_line    0x0000135e      0x201 ../src/drivers/usart.o
 .debug_line    0x0000155f      0x24a c:/program files (x86)/atmel/atmel toolchain/avr32 gcc/native/3.4.1067/avr32-gnu-toolchain/bin/../lib/gcc/avr32/4.4.7/../../../../avr32/lib/ucr2\libc.a(lib_a-atoi.o)
 .debug_line    0x000017a9      0x36b c:/program files (x86)/atmel/atmel toolchain/avr32 gcc/native/3.4.1067/avr32-gnu-toolchain/bin/../lib/gcc/avr32/4.4.7/../../../../avr32/lib/ucr2\libc.a(lib_a-strtol.o)
 .debug_line    0x00001b14       0x8a c:/program files (x86)/atmel/atmel toolchain/avr32 gcc/native/3.4.1067/avr32-gnu-toolchain/bin/../lib/gcc/avr32/4.4.7/../../../../avr32/lib/ucr2\libc.a(lib_a-ctype_.o)
 .debug_line    0x00001b9e      0x1a3 c:/program files (x86)/atmel/atmel toolchain/avr32 gcc/native/3.4.1067/avr32-gnu-toolchain/bin/../lib/gcc/avr32/4.4.7/../../../../avr32/lib/ucr2\libc.a(lib_a-impure.o)
 .debug_line    0x00001d41      0x5a4 c:/program files (x86)/atmel/atmel toolchain/avr32 gcc/native/3.4.1067/avr32-gnu-toolchain/bin/../lib/gcc/avr32/4.4.7/../../../../avr32/lib/ucr2\libc.a(lib_a-findfp.o)

.debug_frame    0x00000000      0x710
 *(.debug_frame)
 .debug_frame   0x00000000       0x48 src/include/util/helper_functions.o
 .debug_frame   0x00000048       0xd4 src/main.o
 .debug_frame   0x0000011c       0x2c src/kernel/rosa_int.o
 .debug_frame   0x00000148       0x64 src/kernel/rosa_ker.o
 .debug_frame   0x000001ac       0x2c src/kernel/rosa_scheduler.o
 .debug_frame   0x000001d8       0x48 src/kernel/rosa_tim.o
 .debug_frame   0x00000220       0xf0 ../src/drivers/button.o
 .debug_frame   0x00000310       0x9c ../src/drivers/gpio.o
 .debug_frame   0x000003ac       0x80 ../src/drivers/led.o
 .debug_frame   0x0000042c      0x10c ../src/drivers/usart.o
 .debug_frame   0x00000538       0x40 c:/program files (x86)/atmel/atmel toolchain/avr32 gcc/native/3.4.1067/avr32-gnu-toolchain/bin/../lib/gcc/avr32/4.4.7/../../../../avr32/lib/ucr2\libc.a(lib_a-atoi.o)
 .debug_frame   0x00000578       0x5c c:/program files (x86)/atmel/atmel toolchain/avr32 gcc/native/3.4.1067/avr32-gnu-toolchain/bin/../lib/gcc/avr32/4.4.7/../../../../avr32/lib/ucr2\libc.a(lib_a-strtol.o)
 .debug_frame   0x000005d4      0x13c c:/program files (x86)/atmel/atmel toolchain/avr32 gcc/native/3.4.1067/avr32-gnu-toolchain/bin/../lib/gcc/avr32/4.4.7/../../../../avr32/lib/ucr2\libc.a(lib_a-findfp.o)

.debug_str      0x00000000     0x130c
 *(.debug_str)
 .debug_str     0x00000000       0xb4 src/include/util/helper_functions.o
                                 0xcf (size before relaxing)
 .debug_str     0x000000b4      0x497 src/main.o
                                0x53c (size before relaxing)
 .debug_str     0x0000054b       0x2b src/kernel/rosa_int.o
                                 0xb0 (size before relaxing)
 .debug_str     0x00000576       0xe7 src/kernel/rosa_ker.o
                                0x5b4 (size before relaxing)
 .debug_str     0x0000065d       0x29 src/kernel/rosa_scheduler.o
                                0x112 (size before relaxing)
 .debug_str     0x00000686      0x241 src/kernel/rosa_tim.o
                                0x2d9 (size before relaxing)
 .debug_str     0x000008c7       0xa7 ../src/drivers/button.o
                                 0xc6 (size before relaxing)
 .debug_str     0x0000096e      0x16e ../src/drivers/gpio.o
                                0x1c0 (size before relaxing)
 .debug_str     0x00000adc       0x3c ../src/drivers/led.o
                                 0x7f (size before relaxing)
 .debug_str     0x00000b18       0xdb ../src/drivers/usart.o
                                0x6e9 (size before relaxing)
 .debug_str     0x00000bf3      0x40a c:/program files (x86)/atmel/atmel toolchain/avr32 gcc/native/3.4.1067/avr32-gnu-toolchain/bin/../lib/gcc/avr32/4.4.7/../../../../avr32/lib/ucr2\libc.a(lib_a-atoi.o)
                                0x4a0 (size before relaxing)
 .debug_str     0x00000ffd       0xa6 c:/program files (x86)/atmel/atmel toolchain/avr32 gcc/native/3.4.1067/avr32-gnu-toolchain/bin/../lib/gcc/avr32/4.4.7/../../../../avr32/lib/ucr2\libc.a(lib_a-strtol.o)
                                0x4e2 (size before relaxing)
 .debug_str     0x000010a3       0x71 c:/program files (x86)/atmel/atmel toolchain/avr32 gcc/native/3.4.1067/avr32-gnu-toolchain/bin/../lib/gcc/avr32/4.4.7/../../../../avr32/lib/ucr2\libc.a(lib_a-ctype_.o)
                                 0x8e (size before relaxing)
 .debug_str     0x00001114       0xc7 c:/program files (x86)/atmel/atmel toolchain/avr32 gcc/native/3.4.1067/avr32-gnu-toolchain/bin/../lib/gcc/avr32/4.4.7/../../../../avr32/lib/ucr2\libc.a(lib_a-impure.o)
                                0x4fe (size before relaxing)
 .debug_str     0x000011db      0x131 c:/program files (x86)/atmel/atmel toolchain/avr32 gcc/native/3.4.1067/avr32-gnu-toolchain/bin/../lib/gcc/avr32/4.4.7/../../../../avr32/lib/ucr2\libc.a(lib_a-findfp.o)
                                0x5d8 (size before relaxing)

.debug_loc      0x00000000      0xb10
 *(.debug_loc)
 .debug_loc     0x00000000       0x56 src/include/util/helper_functions.o
 .debug_loc     0x00000056      0x12d src/main.o
 .debug_loc     0x00000183       0x2b src/kernel/rosa_int.o
 .debug_loc     0x000001ae       0x81 src/kernel/rosa_ker.o
 .debug_loc     0x0000022f       0x2b src/kernel/rosa_scheduler.o
 .debug_loc     0x0000025a       0x56 src/kernel/rosa_tim.o
 .debug_loc     0x000002b0      0x158 ../src/drivers/button.o
 .debug_loc     0x00000408       0xd7 ../src/drivers/gpio.o
 .debug_loc     0x000004df       0xac ../src/drivers/led.o
 .debug_loc     0x0000058b      0x183 ../src/drivers/usart.o
 .debug_loc     0x0000070e       0x77 c:/program files (x86)/atmel/atmel toolchain/avr32 gcc/native/3.4.1067/avr32-gnu-toolchain/bin/../lib/gcc/avr32/4.4.7/../../../../avr32/lib/ucr2\libc.a(lib_a-atoi.o)
 .debug_loc     0x00000785      0x189 c:/program files (x86)/atmel/atmel toolchain/avr32 gcc/native/3.4.1067/avr32-gnu-toolchain/bin/../lib/gcc/avr32/4.4.7/../../../../avr32/lib/ucr2\libc.a(lib_a-strtol.o)
 .debug_loc     0x0000090e      0x202 c:/program files (x86)/atmel/atmel toolchain/avr32 gcc/native/3.4.1067/avr32-gnu-toolchain/bin/../lib/gcc/avr32/4.4.7/../../../../avr32/lib/ucr2\libc.a(lib_a-findfp.o)

.debug_macinfo  0x00000000   0x45158b
 *(.debug_macinfo)
 .debug_macinfo
                0x00000000      0xc95 src/include/util/helper_functions.o
 .debug_macinfo
                0x00000c95    0xdd17d src/main.o
 .debug_macinfo
                0x000dde12    0xdccc9 src/kernel/rosa_int.o
 .debug_macinfo
                0x001baadb    0xdd164 src/kernel/rosa_ker.o
 .debug_macinfo
                0x00297c3f    0xdccb5 src/kernel/rosa_scheduler.o
 .debug_macinfo
                0x003748f4    0xdcc97 src/kernel/rosa_tim.o

.debug_weaknames
 *(.debug_weaknames)

.debug_funcnames
 *(.debug_funcnames)

.debug_typenames
 *(.debug_typenames)

.debug_varnames
 *(.debug_varnames)

.appstack       0x0000e000     0x1000
                0x0000e000                _appstack = .
 *(.appstack)
                0x00001000                . = __appstack_size__
 *fill*         0x0000e000     0x1000 
                0x0000f000                _eappstack = .

.stack          0x0000f000     0x1000
                0x0000f000                _stack = .
 *(.stack)
                0x00001000                . = __stack_size__
 *fill*         0x0000f000     0x1000 
                0x00010000                _estack = .

.userpage
 *(.userpage .userpage.*)

/DISCARD/
 *(.note.GNU-stack)
OUTPUT(ROSA.elf elf32-avr32)

.debug_ranges   0x00000000      0x2e0
 .debug_ranges  0x00000000       0x20 src/include/util/helper_functions.o
 .debug_ranges  0x00000020       0x48 src/main.o
 .debug_ranges  0x00000068       0x18 src/kernel/rosa_int.o
 .debug_ranges  0x00000080       0x28 src/kernel/rosa_ker.o
 .debug_ranges  0x000000a8       0x18 src/kernel/rosa_scheduler.o
 .debug_ranges  0x000000c0       0x20 src/kernel/rosa_tim.o
 .debug_ranges  0x000000e0       0x50 ../src/drivers/button.o
 .debug_ranges  0x00000130       0x38 ../src/drivers/gpio.o
 .debug_ranges  0x00000168       0x30 ../src/drivers/led.o
 .debug_ranges  0x00000198       0x58 ../src/drivers/usart.o
 .debug_ranges  0x000001f0       0x20 c:/program files (x86)/atmel/atmel toolchain/avr32 gcc/native/3.4.1067/avr32-gnu-toolchain/bin/../lib/gcc/avr32/4.4.7/../../../../avr32/lib/ucr2\libc.a(lib_a-atoi.o)
 .debug_ranges  0x00000210       0x20 c:/program files (x86)/atmel/atmel toolchain/avr32 gcc/native/3.4.1067/avr32-gnu-toolchain/bin/../lib/gcc/avr32/4.4.7/../../../../avr32/lib/ucr2\libc.a(lib_a-strtol.o)
 .debug_ranges  0x00000230       0xb0 c:/program files (x86)/atmel/atmel toolchain/avr32 gcc/native/3.4.1067/avr32-gnu-toolchain/bin/../lib/gcc/avr32/4.4.7/../../../../avr32/lib/ucr2\libc.a(lib_a-findfp.o)
